// Jest Snapshot v1, https://goo.gl/fbAQLP

exports[`ErrorBoundary expects to match Snapshot Object 1`] = `""`;
